Job 157207 on rpg-93-6 at 2026-09-21T03:11:28Z

================================================================================
CONDITIONAL-OVERLAP SWEEP — corrected (all policies, both workloads)
================================================================================
  overlap_layers: 0 = fully sequential, 31 = full overlap (original model)
  L = 32 layers, N = 4

  Workload A (cap = 80 Gbps)
  Policy            Overlap          c1          c2          c3          c4   Interaction          Sign
  -----------------------------------------------------------------------------------------------
  Equal                0/31      5905.6      6923.3     13450.6     14470.4          +2.1         SUPER
  Equal                1/31      5829.1      6853.9     13333.2     14341.6         -16.4           sub
  Equal                2/31      5752.6      6784.6     13215.9     14213.2         -34.7           sub
  Equal                4/31      5599.6      6646.2     12981.1     13955.4         -72.3           sub
  Equal                8/31      5293.7      6369.6     12511.7     13439.3        -148.3           sub
  Equal               16/31      4681.8      5814.2     11572.7     12405.5        -299.6           sub
  Equal               24/31      4069.8      5259.0     10633.8     11369.2        -453.7           sub
  Equal               31/31      3534.4      4772.4      9812.2     10462.0        -588.2           sub

  KV-prop              0/31      5905.6      6950.5     13450.6     14498.5          +3.0         SUPER
  KV-prop              1/31      5836.6      6883.9     13313.3     14361.6          +1.1         SUPER
  KV-prop              2/31      5767.7      6816.6     13175.9     14224.0          -0.8            ~0
  KV-prop              4/31      5629.8      6682.8     12901.2     13950.1          -4.2           sub
  KV-prop              8/31      5354.1      6414.7     12351.8     13401.1         -11.4           sub
  KV-prop             16/31      4802.5      5878.6     11253.1     12301.9         -27.1           sub
  KV-prop             24/31      4251.0      5341.7     10154.3     11199.1         -45.9           sub
  KV-prop             31/31      3768.5      4871.2      9192.9     10233.5         -62.2           sub

  BW-prop              0/31     13545.0     15385.3     21090.0     22933.1          +2.8         SUPER
  BW-prop              1/31     13466.4     15306.7     20775.6     22625.2          +9.3         SUPER
  BW-prop              2/31     13387.8     15228.2     20461.3     22317.3         +15.7         SUPER
  BW-prop              4/31     13230.6     15071.6     19832.5     21702.7         +29.2         SUPER
  BW-prop              8/31     12916.2     14758.1     18575.0     20469.3         +52.4         SUPER
  BW-prop             16/31     12287.5     14129.5     16060.0     18004.7        +102.8         SUPER
  BW-prop             24/31     11658.7     13501.3     13545.0     15539.8        +152.2         SUPER
  BW-prop             31/31     11108.6     12950.4     11344.4     13384.7        +198.5         SUPER

  Stall-opt            0/31      5275.8      6313.1     12820.8     13861.6          +3.5         SUPER
  Stall-opt            1/31      5197.2      6234.5     12692.8     13719.9         -10.2           sub
  Stall-opt            2/31      5118.6      6155.8     12564.8     13578.4         -23.6           sub
  Stall-opt            4/31      4961.4      5998.8     12308.8     13294.5         -51.7           sub
  Stall-opt            8/31      4647.1      5683.7     11796.8     12727.9        -105.5           sub
  Stall-opt           16/31      4018.3      5054.5     10772.8     11590.8        -218.1           sub
  Stall-opt           24/31      3389.6      4425.3      9748.7     10453.2        -331.2           sub
  Stall-opt           31/31      2839.4      3875.3      8852.7      9457.8        -430.8           sub

  Cal. Stall-opt       0/31      5214.3      6192.2     12759.3     13739.4          +2.2         SUPER
  Cal. Stall-opt       1/31      5144.7      6119.6     12638.9     13602.5         -11.3           sub
  Cal. Stall-opt       2/31      5075.1      6046.7     12518.5     13464.9         -25.2           sub
  Cal. Stall-opt       4/31      4936.0      5901.6     12277.7     13190.5         -52.7           sub
  Cal. Stall-opt       8/31      4657.7      5610.3     11796.0     12642.0        -106.6           sub
  Cal. Stall-opt      16/31      4101.2      5027.6     10832.8     11541.0        -218.2           sub
  Cal. Stall-opt      24/31      3544.7      4445.5      9869.5     10438.0        -332.4           sub
  Cal. Stall-opt      31/31      3057.7      3936.0      9026.7      9472.7        -432.3           sub


  Workload B (cap = 50 Gbps)
  Policy            Overlap          c1          c2          c3          c4   Interaction          Sign
  -----------------------------------------------------------------------------------------------
  Equal                0/31      9448.9     10993.7     16993.9     18538.4          -0.4            ~0
  Equal                1/31      9370.3     10915.1     16836.3     18364.3         -16.8           sub
  Equal                2/31      9291.7     10836.7     16678.7     18189.8         -33.8           sub
  Equal                4/31      9134.6     10679.7     16363.4     17841.8         -66.8           sub
  Equal                8/31      8820.2     10365.0     15732.9     17140.1        -137.6           sub
  Equal               16/31      8191.4      9736.5     14471.8     15735.6        -281.2           sub
  Equal               24/31      7562.7      9109.2     13210.7     14322.8        -434.4           sub
  Equal               31/31      7012.5      8557.1     12107.3     13083.5        -568.4           sub

  KV-prop              0/31      9448.9     11070.0     16993.9     18615.0          -0.0            ~0
  KV-prop              1/31      9370.3     10992.9     16828.9     18438.5         -13.0           sub
  KV-prop              2/31      9291.7     10915.7     16663.9     18262.4         -25.4           sub
  KV-prop              4/31      9134.6     10761.3     16333.8     17909.7         -50.9           sub
  KV-prop              8/31      8820.2     10454.0     15673.7     17201.4        -106.1           sub
  KV-prop             16/31      8191.4      9838.2     14353.5     15782.4        -217.9           sub
  KV-prop             24/31      7562.7      9221.7     13033.3     14358.5        -333.8           sub
  KV-prop             31/31      7012.5      8680.9     11878.1     13107.7        -438.8           sub

  BW-prop              0/31     21672.0     23939.9     29217.0     31485.0          +0.0            ~0
  BW-prop              1/31     21593.4     23861.3     28902.6     31170.6          +0.0            ~0
  BW-prop              2/31     21514.8     23782.8     28588.3     30855.8          -0.5            ~0
  BW-prop              4/31     21357.6     23624.9     27959.5     30221.9          -4.9           sub
  BW-prop              8/31     21043.2     23310.1     26702.0     28958.7         -10.2           sub
  BW-prop             16/31     20414.5     22681.8     24187.0     26444.4          -9.8           sub
  BW-prop             24/31     19785.7     22052.9     21672.0     23936.9          -2.2           sub
  BW-prop             31/31     19235.6     21501.1     19471.4     21736.8          -0.0            ~0

  Stall-opt            0/31      8342.8      9771.3     15887.9     17319.5          +3.1         SUPER
  Stall-opt            1/31      8264.3      9692.7     15725.4     17148.1          -5.7           sub
  Stall-opt            2/31      8185.7      9614.2     15562.9     16977.1         -14.2           sub
  Stall-opt            4/31      8028.5      9456.6     15237.9     16633.1         -32.9           sub
  Stall-opt            8/31      7714.1      9142.7     14587.9     15945.8         -70.7           sub
  Stall-opt           16/31      7085.3      8514.5     13287.9     14565.9        -151.2           sub
  Stall-opt           24/31      6456.6      7886.2     11987.9     13181.3        -236.3           sub
  Stall-opt           31/31      5906.4      7336.4     10850.5     11967.5        -313.0           sub

  Cal. Stall-opt       0/31      8342.8      9769.4     15887.9     17317.6          +3.2         SUPER
  Cal. Stall-opt       1/31      8264.3      9691.9     15725.4     17147.2          -5.8           sub
  Cal. Stall-opt       2/31      8185.7      9614.3     15562.9     16976.9         -14.6           sub
  Cal. Stall-opt       4/31      8028.5      9459.0     15237.9     16635.0         -33.4           sub
  Cal. Stall-opt       8/31      7714.1      9149.8     14587.9     15951.7         -71.9           sub
  Cal. Stall-opt      16/31      7085.3      8530.5     13287.9     14579.5        -153.5           sub
  Cal. Stall-opt      24/31      6456.6      7911.2     11987.9     13202.3        -240.3           sub
  Cal. Stall-opt      31/31      5906.4      7369.1     10850.5     11994.6        -318.5           sub


================================================================================
DIAGNOSTIC: Equal at overlap=0 (no pipeline, no overlap)
================================================================================
  If Equal's interaction is 0, the sub-additivity in other policies
  comes from c-dependent allocations. If nonzero, there is another channel.

  WL-A Equal overlap=0:  c1=5905.6  c2=6923.3  c3=13450.6  c4=14470.4
    interaction = +2.1 ms
    → NONZERO: another channel exists

  WL-B Equal overlap=0:  c1=9448.9  c2=10993.7  c3=16993.9  c4=18538.4
    interaction = -0.4 ms
    → ZERO: sub-additivity in other policies is from c-dependent allocation


Done at 2026-09-21T03:12:12Z
